0.500000
0.300000
2.500000
0.800000
0.002225
-0.500000
