H
	tab

Æ¯
ðŸ˜ƒ
very long string very long string very long string very long string
very long string very long string very long string very long string
very long string very long string very long string very long string
very long string very long string very long string very long string
very long string very long string very long string very long string
very long string very long string very long string very long string
very long string very long string very long string very long string
very long string very long string very long string very long string
very long string very long string very long string very long string
very long string very long string very long string very long string
very long string very long string very long string very long string
very long string very long string very long string very long string
very long string very long string very long string very long string
very long string very long string very long string very long string
very long string very long string very long string very long string
very long string very long string very long string very long string
very long string very long string very long string very long string
very long string very long string very long string very long string
very long string very long string very long string very long string
very long string very long string very long string very long string
very long string very long string very long string very long string
very long string very long string very long string very long string
very long string very long string very long string very long string
very long string very long string very long string very long string
very long string very long string very long string very long string
very long string very long string very long string very long string
very long string very long string very long string very long string
very long string very long string very long string very long string
very long string very long string very long string very long string
very long string very long string very long string very long string
very long string very long string very long string very long string
very long string very long string very long string very long string
very long string very long string very long string very long string
very long string very long string very long string very long string
very long string very long string very long string very long string
very long string very long string very long string very long string
very long string very long string very long string very long string
very long string very long string very long string very long string
very long string very long string very long string very long string
very long string very long string very long string very long string
very long string very long string very long string very long string
very long string very long string very long string very long string
very long string very long string very long string very long string
very long string very long string very long string very long string
very long string very long string very long string very long string
very long string very long string very long string very long string
very long string very long string very long string very long string
very long string very long string very long string very long string
very long string very long string very long string very long string
very long string very long string very long string very long string
very long string very long string very long string very long string
very long string very long string very long string very long string
very long string very long string very long string very long string
very long string very long string very long string very long string
very long string very long string very long string very long string
very long string very long string very long string very long string
very long string very long string very long string very long string
very long string very long string very long string very long string
very long string very long string very long string very long string
very long string very long string very long string very long string
very long string very long string very long string very long string
very long string very long string very long string very long string
very long string very long string very long string very long string
very long string very long string very long string very long string
very long string very long string very long string very long string
very long string very long string very long string very long string
very long string very long string very long string very long string
very long string very long string very long string very long string
very long string very long string very long string very long string
very long string very long string very long string very long string
very long string very long string very long string very long string
very long string very long string very long string very long string
very long string very long string very long string very long string
very long string very long string very long string very long string
very long string very long string very long string very long string
very long string very long string very long string very long string
very long string very long string very long string very long string
very long string very long string very long string very long string
very long string very long string very long string very long string
very long string very long string very long string very long string
very long string very long string very long string very long string
very long string very long string very long string very long string
very long string very long string very long string very long string
very long string very long string very long string very long string
very long string very long string very long string very long string
very long string very long string very long string very long string
very long string very long string very long string very long string
very long string very long string very long string very long string
very long string very long string very long string very long string
very long string very long string very long string very long string
very long string very long string very long string very long string
very long string very long string very long string very long string
