{ parent: undefined, fields: [] }
{ parent: undefined, fields: [] }
{ parent: undefined, fields: [] }
{ parent: undefined, fields: [] }
{ parent: { parent: undefined, fields: [] }, fields: [{ name: count, readonly: true }, { name: capacity, readonly: true }, { name: readonly, readonly: true }] }
{ parent: { parent: undefined, fields: [] }, fields: [{ name: parent, readonly: true }, { name: fields, readonly: true }] }
